[debug] [2026-05-11T09:35:28.339Z] ----------------------------------------------------------------------
[debug] [2026-05-11T09:35:28.347Z] Command:       C:\Program Files\nodejs\node.exe C:\Users\Bank Yan\AppData\Roaming\npm\node_modules\firebase-tools\lib\bin\firebase.js projects:list --json
[debug] [2026-05-11T09:35:28.349Z] CLI Version:   15.16.0
[debug] [2026-05-11T09:35:28.349Z] Platform:      win32
[debug] [2026-05-11T09:35:28.350Z] Node Version:  v24.15.0
[debug] [2026-05-11T09:35:28.350Z] Time:          Mon May 11 2026 16:35:28 GMT+0700 (Western Indonesia Time)
[debug] [2026-05-11T09:35:28.350Z] ----------------------------------------------------------------------
[debug] 
[debug] [2026-05-11T09:35:28.353Z] >>> [apiv2][query] GET https://firebase-public.firebaseio.com/cli.json [none]
[debug] [2026-05-11T09:35:28.463Z] > command requires scopes: ["email","openid","https://www.googleapis.com/auth/cloudplatformprojects.readonly","https://www.googleapis.com/auth/firebase","https://www.googleapis.com/auth/cloud-platform"]
[debug] [2026-05-11T09:35:28.467Z] > authorizing via signed-in user (yanuarhidayat80@gmail.com)
[debug] [2026-05-11T09:35:28.473Z] Checked if tokens are valid: false, expires at: 1777666175394
[debug] [2026-05-11T09:35:28.473Z] Checked if tokens are valid: false, expires at: 1777666175394
[debug] [2026-05-11T09:35:28.473Z] > refreshing access token with scopes: []
[debug] [2026-05-11T09:35:28.480Z] >>> [apiv2][query] POST https://www.googleapis.com/oauth2/v3/token [none]
[debug] [2026-05-11T09:35:28.480Z] >>> [apiv2][body] POST https://www.googleapis.com/oauth2/v3/token [omitted]
[debug] [2026-05-11T09:35:28.675Z] <<< [apiv2][status] POST https://www.googleapis.com/oauth2/v3/token 200
[debug] [2026-05-11T09:35:28.675Z] <<< [apiv2][body] POST https://www.googleapis.com/oauth2/v3/token [omitted]
[debug] [2026-05-11T09:35:28.693Z] >>> [apiv2][query] GET https://firebase.googleapis.com/v1beta1/projects pageSize=1000
[debug] [2026-05-11T09:35:29.006Z] <<< [apiv2][status] GET https://firebase-public.firebaseio.com/cli.json 200
[debug] [2026-05-11T09:35:29.006Z] <<< [apiv2][body] GET https://firebase-public.firebaseio.com/cli.json {"cloudBuildErrorAfter":1594252800000,"cloudBuildWarnAfter":1590019200000,"defaultNode10After":1594252800000,"minVersion":"3.0.5","node8DeploysDisabledAfter":1613390400000,"node8RuntimeDisabledAfter":1615809600000,"node8WarnAfter":1600128000000}
[debug] [2026-05-11T09:35:30.116Z] <<< [apiv2][status] GET https://firebase.googleapis.com/v1beta1/projects 200
[debug] [2026-05-11T09:35:30.116Z] <<< [apiv2][body] GET https://firebase.googleapis.com/v1beta1/projects [omitted]
[info] ┌──────────────────────┬─────────────────────┬────────────────┬──────────────────────┐
│ Project Display Name │ Project ID          │ Project Number │ Resource Location ID │
├──────────────────────┼─────────────────────┼────────────────┼──────────────────────┤
│ AI-Mastery           │ ai-mastery-579da    │ 496050158733   │ [Not specified]      │
├──────────────────────┼─────────────────────┼────────────────┼──────────────────────┤
│ Aplikasi SIAP        │ aplikasi-siap-ef85e │ 209198927274   │ [Not specified]      │
├──────────────────────┼─────────────────────┼────────────────┼──────────────────────┤
│ app-surat            │ app-surat-e8590     │ 568820595262   │ [Not specified]      │
├──────────────────────┼─────────────────────┼────────────────┼──────────────────────┤
│ qia-trans-manajemen  │ qia-trans-manajemen │ 504584441360   │ [Not specified]      │
├──────────────────────┼─────────────────────┼────────────────┼──────────────────────┤
│ siapapp              │ siapapp-def8b       │ 610324897166   │ [Not specified]      │
├──────────────────────┼─────────────────────┼────────────────┼──────────────────────┤
│ sirubin              │ sirubin             │ 2296822526     │ [Not specified]      │
├──────────────────────┼─────────────────────┼────────────────┼──────────────────────┤
│ Smart-AI             │ smart-ai-afc4a      │ 201179853408   │ [Not specified]      │
└──────────────────────┴─────────────────────┴────────────────┴──────────────────────┘
[info] 
[info] 7 project(s) total.
[debug] [2026-05-11T09:35:40.977Z] ----------------------------------------------------------------------
[debug] [2026-05-11T09:35:40.982Z] Command:       C:\Program Files\nodejs\node.exe C:\Users\Bank Yan\AppData\Roaming\npm\node_modules\firebase-tools\lib\bin\firebase.js apps:list --project sirubin-68bc9 --json
[debug] [2026-05-11T09:35:40.983Z] CLI Version:   15.16.0
[debug] [2026-05-11T09:35:40.983Z] Platform:      win32
[debug] [2026-05-11T09:35:40.983Z] Node Version:  v24.15.0
[debug] [2026-05-11T09:35:40.983Z] Time:          Mon May 11 2026 16:35:40 GMT+0700 (Western Indonesia Time)
[debug] [2026-05-11T09:35:40.984Z] ----------------------------------------------------------------------
[debug] 
[debug] [2026-05-11T09:35:41.115Z] > command requires scopes: ["email","openid","https://www.googleapis.com/auth/cloudplatformprojects.readonly","https://www.googleapis.com/auth/firebase","https://www.googleapis.com/auth/cloud-platform"]
[debug] [2026-05-11T09:35:41.116Z] > authorizing via signed-in user (yanuarhidayat80@gmail.com)
[debug] [2026-05-11T09:35:41.124Z] Checked if tokens are valid: true, expires at: 1778495727676
[debug] [2026-05-11T09:35:41.124Z] Checked if tokens are valid: true, expires at: 1778495727676
[debug] [2026-05-11T09:35:41.126Z] >>> [apiv2][query] GET https://firebase.googleapis.com/v1beta1/projects/sirubin-68bc9:searchApps pageSize=100
[debug] [2026-05-11T09:35:41.836Z] <<< [apiv2][status] GET https://firebase.googleapis.com/v1beta1/projects/sirubin-68bc9:searchApps 403
[debug] [2026-05-11T09:35:41.837Z] <<< [apiv2][body] GET https://firebase.googleapis.com/v1beta1/projects/sirubin-68bc9:searchApps {"error":{"code":403,"message":"The caller does not have permission","status":"PERMISSION_DENIED"}}
[debug] [2026-05-11T09:35:41.838Z] Request to https://firebase.googleapis.com/v1beta1/projects/sirubin-68bc9:searchApps?pageSize=100 had HTTP Error: 403, The caller does not have permission
[debug] [2026-05-11T09:35:41.993Z] FirebaseError: Request to https://firebase.googleapis.com/v1beta1/projects/sirubin-68bc9:searchApps?pageSize=100 had HTTP Error: 403, The caller does not have permission
    at responseToError (C:\Users\Bank Yan\AppData\Roaming\npm\node_modules\firebase-tools\lib\responseToError.js:53:12)
    at RetryOperation._fn (C:\Users\Bank Yan\AppData\Roaming\npm\node_modules\firebase-tools\lib\apiv2.js:333:77)
    at process.processTicksAndRejections (node:internal/process/task_queues:104:5)
[error] 
[error] Error: Failed to list Firebase apps. See firebase-debug.log for more info.
